// Jest Snapshot v1, https://goo.gl/fbAQLP

exports[`Counter 1`] = `
Array [
  "1",
  <button
    className="sc-bqiRlB fGakq"
    onClick={[Function]}
  >
    Add
  </button>,
]
`;
