// Jest Snapshot v1, https://goo.gl/fbAQLP

exports[`Weather 1`] = `
<div
  className="sc-cxpSdN"
>
  <svg
    className="sc-jtXEFf eHnVqv"
    height="200px"
  >
    <g
      className="sc-hjGZqJ"
    >
      <line
        className="sc-fXeWAj ctGYEB"
        x1={50}
        x2={350}
        y1={164}
        y2={164}
      />
      <line
        className="sc-fXeWAj ctGYEB"
        x1={50}
        x2={350}
        y1={180}
        y2={180}
      />
      <text
        className="sc-eldieg"
        textAnchor="start"
        x="0"
        y={100}
      >
        Â°C
      </text>
      <text
        className="sc-eldieg"
        textAnchor="end"
        x={400}
        y={100}
      >
        h
      </text>
      <text
        className="sc-eldieg jcCeTK"
        textAnchor="middle"
        x={50}
        y={196}
      >
        3/5
      </text>
      <text
        className="sc-eldieg jcCeTK"
        textAnchor="middle"
        x={100}
        y={196}
      >
        3/6
      </text>
      <text
        className="sc-eldieg jcCeTK"
        textAnchor="middle"
        x={150}
        y={196}
      >
        3/7
      </text>
      <text
        className="sc-eldieg jcCeTK"
        textAnchor="middle"
        x={200}
        y={196}
      >
        3/8
      </text>
      <text
        className="sc-eldieg jcCeTK"
        textAnchor="middle"
        x={250}
        y={196}
      >
        3/9
      </text>
      <text
        className="sc-eldieg jcCeTK"
        textAnchor="middle"
        x={300}
        y={196}
      >
        3/10
      </text>
      <text
        className="sc-eldieg jcCeTK"
        textAnchor="middle"
        x={350}
        y={196}
      >
        3/11
      </text>
    </g>
    <polyline
      className="sc-iqVWFU bIbCxP"
      points="50, 78.83999999999999 100, 99.72 150, 99 200, 104.39999999999999 250, 92.52 300, 95.03999999999999"
    />
    <polyline
      className="sc-iqVWFU gzmRDj"
      points="50, 130.32 100, 132.48000000000002 150, 137.88 200, 127.08 250, 124.91999999999999 300, 128.16"
    />
    <polyline
      className="sc-iqVWFU jsKTSy"
      points="50, 180 100, 177.33333333333334 150, 173.33333333333334 200, 162.66666666666666 250, 173.33333333333334 300, 174.66666666666666"
    />
  </svg>
</div>
`;
